2026-08-27 17:20:43,071 INFO 공식 연락처 dry-run 시작: C:\Users\corle\OneDrive\바탕 화면\보건민원_검색엔진_MVP\reports\contact_matching\20260827_172043
2026-08-27 17:20:43,478 INFO HTTP 200 https://www.hscity.go.kr/health/index.do
2026-08-27 17:20:43,706 INFO HTTP 200 https://www.hscity.go.kr/health/intro/floorFacilities/dongtanInfo.jsp
2026-08-27 17:20:44,002 INFO HTTP 200 https://www.hscity.go.kr/health/organ/BD_selectHealthOrganList.do?q_healthNm=dongtan
2026-08-27 17:20:44,249 INFO HTTP 200 https://www.hscity.go.kr/health/organ/BD_selectHealthOrganList.do?q_healthNm=dongtan&q_currPage=2
2026-08-27 17:20:44,468 INFO HTTP 200 https://www.hscity.go.kr/health/organ/BD_selectHealthOrganList.do?q_healthNm=dongtan&q_currPage=3
2026-08-27 17:20:44,733 INFO HTTP 200 https://www.hscity.go.kr/health/organ/BD_selectHealthOrganList.do?q_healthNm=dongtan&q_currPage=4
2026-08-27 17:20:45,028 INFO HTTP 200 https://www.hscity.go.kr/health/organ/BD_selectHealthOrganList.do?q_healthNm=dongtan&q_currPage=5
2026-08-27 17:20:45,295 INFO HTTP 200 https://www.hscity.go.kr/health/organ/BD_selectHealthOrganList.do?q_healthNm=dongtan&q_currPage=6
2026-08-27 17:20:45,511 INFO HTTP 200 https://www.hscity.go.kr/health/organ/BD_selectHealthOrganList.do?q_healthNm=dongtan&q_currPage=7
2026-08-27 17:20:45,775 INFO HTTP 200 https://www.hscity.go.kr/health/organ/BD_selectHealthOrganList.do?q_healthNm=dongtan&q_currPage=8
2026-08-27 17:20:46,140 INFO HTTP 200 https://www.hscity.go.kr/health/organ/BD_selectHealthOrganList.do?q_healthNm=dongtan&q_currPage=9
2026-08-27 17:20:46,452 INFO HTTP 200 https://www.hscity.go.kr/health/business/dementia/dementia01.jsp
2026-08-27 17:20:46,852 INFO HTTP 200 https://www.hscity.go.kr/health/business/dementia/dementia02.jsp
2026-08-27 17:20:47,115 INFO HTTP 200 https://www.hscity.go.kr/health/business/dementia/dementia03.jsp
2026-08-27 17:20:47,357 INFO HTTP 200 https://www.hscity.go.kr/health/business/dementia/dementia04.jsp
2026-08-27 17:20:47,626 INFO HTTP 200 https://www.hscity.go.kr/health/business/dementia/dementia05.jsp
2026-08-27 17:20:47,845 INFO HTTP 200 https://www.hscity.go.kr/health/business/dementia/dementia06.jsp
2026-08-27 17:20:48,076 INFO HTTP 200 https://www.hscity.go.kr/health/business/expense/dchildExpenses.jsp
2026-08-27 17:20:48,326 INFO HTTP 200 https://www.hscity.go.kr/health/business/expense/deafness.jsp
2026-08-27 17:20:48,617 INFO HTTP 200 https://www.hscity.go.kr/health/business/expense/inbornError.jsp
2026-08-27 17:20:48,920 INFO HTTP 200 https://www.hscity.go.kr/health/business/expense/incurable.jsp
2026-08-27 17:20:49,181 INFO HTTP 200 https://www.hscity.go.kr/health/business/expense/medicalExpenses.jsp
2026-08-27 17:20:49,400 INFO HTTP 200 https://www.hscity.go.kr/health/business/expense/motherchild07.jsp
2026-08-27 17:20:49,688 INFO HTTP 200 https://www.hscity.go.kr/health/business/expense/motherchild12.jsp
2026-08-27 17:20:49,903 INFO HTTP 200 https://www.hscity.go.kr/health/business/expense/preemie.jsp
2026-08-27 17:20:50,141 INFO HTTP 200 https://www.hscity.go.kr/health/business/expense/preservingpermanently.jsp
2026-08-27 17:20:50,623 INFO HTTP 200 https://www.hscity.go.kr/health/business/expense/supporttreatmentcosts.jsp
2026-08-27 17:20:50,895 INFO HTTP 200 https://www.hscity.go.kr/health/business/infection/aids.jsp
2026-08-27 17:20:51,103 INFO HTTP 200 https://www.hscity.go.kr/health/business/infection/currentState.jsp
2026-08-27 17:20:51,419 INFO HTTP 200 https://www.hscity.go.kr/health/business/infection/disinfection.jsp
2026-08-27 17:20:51,681 INFO HTTP 200 https://www.hscity.go.kr/health/business/infection/infectionManage.jsp
2026-08-27 17:20:51,877 INFO HTTP 200 https://www.hscity.go.kr/health/business/infection/tuberculosis.jsp
2026-08-27 17:20:52,177 INFO HTTP 200 https://www.hscity.go.kr/health/business/promotion/Rehabilitation.jsp
2026-08-27 17:20:52,407 INFO HTTP 200 https://www.hscity.go.kr/health/business/promotion/cerebrovascular.jsp
2026-08-27 17:20:52,643 INFO HTTP 200 https://www.hscity.go.kr/health/business/promotion/healthLiving.jsp
2026-08-27 17:20:52,942 INFO HTTP 200 https://www.hscity.go.kr/health/business/promotion/healthcity.jsp
2026-08-27 17:20:53,213 INFO HTTP 200 https://www.hscity.go.kr/health/business/promotion/mobilhealthcarebusiness.jsp
2026-08-27 17:20:53,571 INFO HTTP 200 https://www.hscity.go.kr/health/business/promotion/nonsmoking/nonsmoking01.jsp
2026-08-27 17:20:53,849 INFO HTTP 200 https://www.hscity.go.kr/health/business/promotion/oralcavity.jsp
2026-08-27 17:20:54,156 INFO HTTP 200 https://www.hscity.go.kr/health/business/promotion/wellbeing.jsp
2026-08-27 17:20:54,261 INFO HTTP 200 https://www.hscity.go.kr/health/business/region/AIhealthcare.jsp
2026-08-27 17:20:54,672 INFO HTTP 200 https://www.hscity.go.kr/health/business/region/carcinoma.jsp
2026-08-27 17:20:54,943 INFO HTTP 200 https://www.hscity.go.kr/health/business/region/caremedicalcenter.jsp
2026-08-27 17:20:55,211 INFO HTTP 200 https://www.hscity.go.kr/health/business/region/healthcheckup.jsp
2026-08-27 17:20:55,425 INFO HTTP 200 https://www.hscity.go.kr/health/business/region/motherchild/motherchild02.jsp
2026-08-27 17:20:55,676 INFO HTTP 200 https://www.hscity.go.kr/health/business/region/motherchild/motherchild04.jsp
2026-08-27 17:20:55,921 INFO HTTP 200 https://www.hscity.go.kr/health/business/region/motherchild/motherchild05.jsp
2026-08-27 17:20:56,200 INFO HTTP 200 https://www.hscity.go.kr/health/business/region/motherchild/motherchild06.jsp
2026-08-27 17:20:56,413 INFO HTTP 200 https://www.hscity.go.kr/health/business/region/motherchild/motherchild08.jsp
2026-08-27 17:20:56,724 INFO HTTP 200 https://www.hscity.go.kr/health/business/region/motherchild/motherchild09.jsp
2026-08-27 17:20:56,898 INFO HTTP 200 https://www.hscity.go.kr/health/business/region/motherchild/motherchild10.jsp
2026-08-27 17:20:57,201 INFO HTTP 200 https://www.hscity.go.kr/health/business/region/motherchild/motherchild11.jsp
2026-08-27 17:20:57,516 INFO HTTP 200 https://www.hscity.go.kr/health/business/region/motherchild/motherchild14.jsp
2026-08-27 17:20:57,818 INFO HTTP 200 https://www.hscity.go.kr/health/business/region/motherchild/motherchild15.jsp
2026-08-27 17:20:58,075 INFO HTTP 200 https://www.hscity.go.kr/health/business/region/nutrition.jsp
2026-08-27 17:20:58,379 INFO HTTP 200 https://www.hscity.go.kr/health/business/region/visit.jsp
2026-08-27 17:20:58,662 INFO HTTP 200 https://www.hscity.go.kr/health/business/remedial/convalesce.jsp
2026-08-27 17:20:58,994 INFO HTTP 200 https://www.hscity.go.kr/health/business/remedial/sucdeprevnt.jsp
2026-08-27 17:20:59,191 INFO HTTP 200 https://www.hscity.go.kr/health/medical/dental.jsp
2026-08-27 17:20:59,499 INFO HTTP 200 https://www.hscity.go.kr/health/medical/general.jsp
2026-08-27 17:20:59,703 INFO HTTP 200 https://www.hscity.go.kr/health/minwon/certificate.jsp
2026-08-27 17:20:59,935 INFO HTTP 200 https://www.hscity.go.kr/health/minwon/guidance.jsp
2026-08-27 17:21:00,267 INFO HTTP 200 https://www.hscity.go.kr/health/minwon/licensing.jsp
2026-08-27 17:21:00,429 INFO HTTP 200 https://www.hscity.go.kr/health/vaccination/adult.jsp
2026-08-27 17:21:00,731 INFO HTTP 200 https://www.hscity.go.kr/health/vaccination/infants.jsp
2026-08-27 17:21:00,969 INFO HTTP 200 https://www.hscity.go.kr/health/vaccination/tourist.jsp
2026-08-27 17:21:38,700 INFO 상태 합계: {'unmatched': 30, 'confirmed': 7, 'ambiguous': 15, 'probable_review': 5, 'conflict': 6}
2026-08-27 17:21:38,701 INFO 직원안내: 표시 82 / 파싱 82 / 페이지 9
2026-08-27 17:21:38,701 INFO 공식 서비스 페이지: 성공 55 / 실패 0
2026-08-27 17:21:38,701 INFO 운영 DB 파일 해시 동일: True
2026-08-27 17:21:38,701 INFO 보고서: C:\Users\corle\OneDrive\바탕 화면\보건민원_검색엔진_MVP\reports\contact_matching\20260827_172043
